[    0.000000] Linux version 4.15.0-200-generic (buildd@lcy02-amd64-069) (gcc version 7.5.0 (Ubuntu 7.5.0-3ubuntu1~18.04)) #211-Ubuntu SMP Thu Nov 24 18:16:04 UTC 2022 (Ubuntu 4.15.0-200.211-generic 4.15.18)
[    0.000000] Command line: BOOT_IMAGE=/boot/vmlinuz-4.15.0-200-generic root=LABEL=cloudimg-rootfs ro console=tty1 console=ttyS0
[    0.000000] KERNEL supported cpus:
[    0.000000]   Intel GenuineIntel
[    0.000000]   AMD AuthenticAMD
[    0.000000]   Centaur CentaurHauls
[    0.000000] x86/fpu: Supporting XSAVE feature 0x001: 'x87 floating point registers'
[    0.000000] x86/fpu: Supporting XSAVE feature 0x002: 'SSE registers'
[    0.000000] x86/fpu: Supporting XSAVE feature 0x004: 'AVX registers'
[    0.000000] x86/fpu: xstate_offset[2]:  576, xstate_sizes[2]:  256
[    0.000000] x86/fpu: Enabled xstate features 0x7, context size is 832 bytes, using 'standard' format.
[    0.000000] e820: BIOS-provided physical RAM map:
[    0.000000] BIOS-e820: [mem 0x0000000000000000-0x000000000009fbff] usable
[    0.000000] BIOS-e820: [mem 0x000000000009fc00-0x000000000009ffff] reserved
[    0.000000] BIOS-e820: [mem 0x00000000000f0000-0x00000000000fffff] reserved
[    0.000000] BIOS-e820: [mem 0x0000000000100000-0x000000003ffeffff] usable
[    0.000000] BIOS-e820: [mem 0x000000003fff0000-0x000000003fffffff] ACPI data
[    0.000000] BIOS-e820: [mem 0x00000000fec00000-0x00000000fec00fff] reserved
[    0.000000] BIOS-e820: [mem 0x00000000fee00000-0x00000000fee00fff] reserved
[    0.000000] BIOS-e820: [mem 0x00000000fffc0000-0x00000000ffffffff] reserved
[    0.000000] NX (Execute Disable) protection: active
[    0.000000] SMBIOS 2.5 present.
[    0.000000] DMI: innotek GmbH VirtualBox/VirtualBox, BIOS VirtualBox 12/01/2006
[    0.000000] Hypervisor detected: KVM
[    0.000000] e820: last_pfn = 0x3fff0 max_arch_pfn = 0x400000000
[    0.000000] MTRR: Disabled
[    0.000000] x86/PAT: MTRRs disabled, skipping PAT initialization too.
[    0.000000] CPU MTRRs all blank - virtualized system.
[    0.000000] x86/PAT: Configuration [0-7]: WB  WT  UC- UC  WB  WT  UC- UC  
[    0.000000] found SMP MP-table at [mem 0x0009fff0-0x0009ffff]
[    0.000000] Scanning 1 areas for low memory corruption
[    0.000000] RAMDISK: [mem 0x359c9000-0x36cdbfff]
[    0.000000] ACPI: Early table checksum verification disabled
[    0.000000] ACPI: RSDP 0x00000000000E0000 000024 (v02 VBOX  )
[    0.000000] ACPI: XSDT 0x000000003FFF0030 00003C (v01 VBOX   VBOXXSDT 00000001 ASL  00000061)
[    0.000000] ACPI: FACP 0x000000003FFF00F0 0000F4 (v04 VBOX   VBOXFACP 00000001 ASL  00000061)
[    0.000000] ACPI: DSDT 0x000000003FFF0470 002325 (v02 VBOX   VBOXBIOS 00000002 INTL 20200925)
[    0.000000] ACPI: FACS 0x000000003FFF0200 000040
[    0.000000] ACPI: FACS 0x000000003FFF0200 000040
[    0.000000] ACPI: APIC 0x000000003FFF0240 00005C (v02 VBOX   VBOXAPIC 00000001 ASL  00000061)
[    0.000000] ACPI: SSDT 0x000000003FFF02A0 0001CC (v01 VBOX   VBOXCPUT 00000002 INTL 20200925)
[    0.000000] ACPI: Reserving FACP table memory at [mem 0x3fff00f0-0x3fff01e3]
[    0.000000] ACPI: Reserving DSDT table memory at [mem 0x3fff0470-0x3fff2794]
[    0.000000] ACPI: Reserving FACS table memory at [mem 0x3fff0200-0x3fff023f]
[    0.000000] ACPI: Reserving FACS table memory at [mem 0x3fff0200-0x3fff023f]
[    0.000000] ACPI: Reserving APIC table memory at [mem 0x3fff0240-0x3fff029b]
[    0.000000] ACPI: Reserving SSDT table memory at [mem 0x3fff02a0-0x3fff046b]
[    0.000000] No NUMA configuration found
[    0.000000] Faking a node at [mem 0x0000000000000000-0x000000003ffeffff]
[    0.000000] NODE_DATA(0) allocated [mem 0x3ffc5000-0x3ffeffff]
[    0.000000] kvm-clock: cpu 0, msr 0:3ff44001, primary cpu clock
[    0.000000] kvm-clock: Using msrs 4b564d01 and 4b564d00
[    0.000000] kvm-clock: using sched offset of 3988984130 cycles
[    0.000000] clocksource: kvm-clock: mask: 0xffffffffffffffff max_cycles: 0x1cd42e4dffb, max_idle_ns: 881590591483 ns
[    0.000000] Zone ranges:
[    0.000000]   DMA      [mem 0x0000000000001000-0x0000000000ffffff]
[    0.000000]   DMA32    [mem 0x0000000001000000-0x000000003ffeffff]
[    0.000000]   Normal   empty
[    0.000000]   Device   empty
[    0.000000] Movable zone start for each node
[    0.000000] Early memory node ranges
[    0.000000]   node   0: [mem 0x0000000000001000-0x000000000009efff]
[    0.000000]   node   0: [mem 0x0000000000100000-0x000000003ffeffff]
[    0.000000] Reserved but unavailable: 104 pages
[    0.000000] Initmem setup node 0 [mem 0x0000000000001000-0x000000003ffeffff]
[    0.000000] ACPI: PM-Timer IO Port: 0x4008
[    0.000000] IOAPIC[0]: apic_id 2, version 32, address 0xfec00000, GSI 0-23
[    0.000000] ACPI: INT_SRC_OVR (bus 0 bus_irq 0 global_irq 2 dfl dfl)
[    0.000000] ACPI: INT_SRC_OVR (bus 0 bus_irq 9 global_irq 9 low level)
[    0.000000] Using ACPI (MADT) for SMP configuration information
[    0.000000] smpboot: Allowing 2 CPUs, 0 hotplug CPUs
[    0.000000] PM: Registered nosave memory: [mem 0x00000000-0x00000fff]
[    0.000000] PM: Registered nosave memory: [mem 0x0009f000-0x0009ffff]
[    0.000000] PM: Registered nosave memory: [mem 0x000a0000-0x000effff]
[    0.000000] PM: Registered nosave memory: [mem 0x000f0000-0x000fffff]
[    0.000000] e820: [mem 0x40000000-0xfebfffff] available for PCI devices
[    0.000000] Booting paravirtualized kernel on KVM
[    0.000000] clocksource: refined-jiffies: mask: 0xffffffff max_cycles: 0xffffffff, max_idle_ns: 7645519600211568 ns
[    0.000000] setup_percpu: NR_CPUS:8192 nr_cpumask_bits:2 nr_cpu_ids:2 nr_node_ids:1
[    0.000000] percpu: Embedded 50 pages/cpu s167936 r8192 d28672 u1048576
[    0.000000] PV qspinlock hash table entries: 256 (order: 0, 4096 bytes)
[    0.000000] Built 1 zonelists, mobility grouping on.  Total pages: 257913
[    0.000000] Policy zone: DMA32
[    0.000000] Kernel command line: BOOT_IMAGE=/boot/vmlinuz-4.15.0-200-generic root=LABEL=cloudimg-rootfs ro console=tty1 console=ttyS0
[    0.000000] Memory: 982648K/1048120K available (12300K kernel code, 2477K rwdata, 4320K rodata, 2472K init, 2720K bss, 65472K reserved, 0K cma-reserved)
[    0.000000] SLUB: HWalign=64, Order=0-3, MinObjects=0, CPUs=2, Nodes=1
[    0.000000] Kernel/User page tables isolation: enabled
[    0.000000] ftrace: allocating 39478 entries in 155 pages
[    0.004000] Hierarchical RCU implementation.
[    0.004000] 	RCU restricting CPUs from NR_CPUS=8192 to nr_cpu_ids=2.
[    0.004000] 	Tasks RCU enabled.
[    0.004000] RCU: Adjusting geometry for rcu_fanout_leaf=16, nr_cpu_ids=2
[    0.004000] NR_IRQS: 524544, nr_irqs: 440, preallocated irqs: 16
[    0.004000] random: crng init done
[    0.004000] Console: colour VGA+ 80x25
[    0.004000] console [tty1] enabled
[    0.004000] console [ttyS0] enabled
[    0.004000] ACPI: Core revision 20170831
[    0.004000] ACPI: 2 ACPI AML tables successfully acquired and loaded
[    0.004000] APIC: Switch to symmetric I/O mode setup
[    0.004000] x2apic enabled
[    0.004000] Switched APIC routing to physical x2apic.
[    0.006084] ..TIMER: vector=0x30 apic1=0 pin1=2 apic2=-1 pin2=-1
[    0.008003] tsc: Detected 2399.998 MHz processor
[    0.009375] Calibrating delay loop (skipped) preset value.. 4799.99 BogoMIPS (lpj=9599992)
[    0.012004] pid_max: default: 32768 minimum: 301
[    0.013443] Security Framework initialized
[    0.014720] Yama: becoming mindful.
[    0.016027] AppArmor: AppArmor initialized
[    0.018365] Dentry cache hash table entries: 131072 (order: 8, 1048576 bytes)
[    0.020092] Inode-cache hash table entries: 65536 (order: 7, 524288 bytes)
[    0.022287] Mount-cache hash table entries: 2048 (order: 2, 16384 bytes)
[    0.024007] Mountpoint-cache hash table entries: 2048 (order: 2, 16384 bytes)
[    0.026448] Last level iTLB entries: 4KB 64, 2MB 8, 4MB 8
[    0.028003] Last level dTLB entries: 4KB 64, 2MB 0, 4MB 0, 1GB 4
[    0.029752] Spectre V1 : Mitigation: usercopy/swapgs barriers and __user pointer sanitization
[    0.032004] Spectre V2 : Mitigation: Retpolines
[    0.033380] Spectre V2 : Spectre v2 / SpectreRSB mitigation: Filling RSB on context switch
[    0.036003] Speculative Store Bypass: Vulnerable
[    0.037562] MDS: Mitigation: Clear CPU buffers
[    0.040002] MMIO Stale Data: Mitigation: Clear CPU buffers
[    0.041657] SRBDS: Unknown: Dependent on hypervisor status
[    0.044291] Freeing SMP alternatives memory: 36K
[    0.156607] smpboot: CPU0: Intel(R) Core(TM) i3-7100U CPU @ 2.40GHz (family: 0x6, model: 0x8e, stepping: 0x9)
[    0.159633] Performance Events: unsupported p6 CPU model 142 no PMU driver, software events only.
[    0.160050] Hierarchical SRCU implementation.
[    0.162102] NMI watchdog: Perf event create on CPU 0 failed with -2
[    0.164003] NMI watchdog: Perf NMI watchdog permanently disabled
[    0.165785] smp: Bringing up secondary CPUs ...
[    0.168110] x86: Booting SMP configuration:
[    0.169368] .... node  #0, CPUs:      #1
[    0.004000] kvm-clock: cpu 1, msr 0:3ff44041, secondary cpu clock
[    0.174412] smp: Brought up 1 node, 2 CPUs
[    0.174412] smpboot: Max logical packages: 1
[    0.176007] smpboot: Total of 2 processors activated (9599.99 BogoMIPS)
[    0.178286] devtmpfs: initialized
[    0.180076] x86/mm: Memory block size: 128MB
[    0.181607] evm: security.selinux
[    0.182640] evm: security.SMACK64
[    0.184004] evm: security.SMACK64EXEC
[    0.185189] evm: security.SMACK64TRANSMUTE
[    0.186421] evm: security.SMACK64MMAP
[    0.187564] evm: security.apparmor
[    0.188004] evm: security.ima
[    0.188972] evm: security.capability
[    0.190156] clocksource: jiffies: mask: 0xffffffff max_cycles: 0xffffffff, max_idle_ns: 7645041785100000 ns
[    0.192015] futex hash table entries: 512 (order: 3, 32768 bytes)
[    0.196060] pinctrl core: initialized pinctrl subsystem
[    0.198643] RTC time: 13:07:15, date: 12/30/22
[    0.200181] NET: Registered protocol family 16
[    0.201692] audit: initializing netlink subsys (disabled)
[    0.203352] audit: type=2000 audit(1672405641.232:1): state=initialized audit_enabled=0 res=1
[    0.204015] cpuidle: using governor ladder
[    0.208010] cpuidle: using governor menu
[    0.209292] ACPI: bus type PCI registered
[    0.212004] acpiphp: ACPI Hot Plug PCI Controller Driver version: 0.5
[    0.214040] PCI: Using configuration type 1 for base access
[    0.217526] HugeTLB registered 2.00 MiB page size, pre-allocated 0 pages
[    0.220106] ACPI: Added _OSI(Module Device)
[    0.221381] ACPI: Added _OSI(Processor Device)
[    0.224004] ACPI: Added _OSI(3.0 _SCP Extensions)
[    0.225395] ACPI: Added _OSI(Processor Aggregator Device)
[    0.227044] ACPI: Added _OSI(Linux-Dell-Video)
[    0.228012] ACPI: Added _OSI(Linux-Lenovo-NV-HDMI-Audio)
[    0.229577] ACPI: Added _OSI(Linux-HPI-Hybrid-Graphics)
[    0.232148] ACPI: Executed 1 blocks of module-level executable AML code
[    0.239507] ACPI: Interpreter enabled
[    0.240018] ACPI: (supports S0 S5)
[    0.241097] ACPI: Using IOAPIC for interrupt routing
[    0.243213] PCI: Using host bridge windows from ACPI; if necessary, use "pci=nocrs" and report a bug
[    0.244243] ACPI: Enabled 2 GPEs in block 00 to 07
[    0.257732] ACPI: PCI Root Bridge [PCI0] (domain 0000 [bus 00-ff])
[    0.260020] acpi PNP0A03:00: _OSC: OS supports [ASPM ClockPM Segments MSI]
[    0.263133] acpi PNP0A03:00: _OSC: not requesting OS control; OS requires [ExtendedConfig ASPM ClockPM MSI]
[    0.264017] acpi PNP0A03:00: fail to add MMCONFIG information, can't access extended PCI configuration space under this bridge.
[    0.268539] PCI host bridge to bus 0000:00
[    0.272006] pci_bus 0000:00: root bus resource [io  0x0000-0x0cf7 window]
[    0.274239] pci_bus 0000:00: root bus resource [io  0x0d00-0xffff window]
[    0.276004] pci_bus 0000:00: root bus resource [mem 0x000a0000-0x000bffff window]
[    0.280004] pci_bus 0000:00: root bus resource [mem 0x40000000-0xfdffffff window]
[    0.284004] pci_bus 0000:00: root bus resource [bus 00-ff]
[    0.288801] pci 0000:00:01.1: legacy IDE quirk: reg 0x10: [io  0x01f0-0x01f7]
[    0.291189] pci 0000:00:01.1: legacy IDE quirk: reg 0x14: [io  0x03f6]
[    0.292004] pci 0000:00:01.1: legacy IDE quirk: reg 0x18: [io  0x0170-0x0177]
[    0.294300] pci 0000:00:01.1: legacy IDE quirk: reg 0x1c: [io  0x0376]
[    0.318314] pci 0000:00:07.0: quirk: [io  0x4000-0x403f] claimed by PIIX4 ACPI
[    0.320022] pci 0000:00:07.0: quirk: [io  0x4100-0x410f] claimed by PIIX4 SMB
[    0.330672] ACPI: PCI Interrupt Link [LNKA] (IRQs 5 9 10 *11)
[    0.332506] ACPI: PCI Interrupt Link [LNKB] (IRQs 5 9 *10 11)
[    0.336189] ACPI: PCI Interrupt Link [LNKC] (IRQs 5 *9 10 11)
[    0.338224] ACPI: PCI Interrupt Link [LNKD] (IRQs 5 9 10 *11)
[    0.340554] SCSI subsystem initialized
[    0.341935] pci 0000:00:02.0: vgaarb: setting as boot VGA device
[    0.342066] pci 0000:00:02.0: vgaarb: VGA device added: decodes=io+mem,owns=io+mem,locks=none
[    0.344010] pci 0000:00:02.0: vgaarb: bridge control possible
[    0.348003] vgaarb: loaded
[    0.349066] ACPI: bus type USB registered
[    0.350460] usbcore: registered new interface driver usbfs
[    0.352014] usbcore: registered new interface driver hub
[    0.353645] usbcore: registered new device driver usb
[    0.355237] EDAC MC: Ver: 3.0.0
[    0.356286] PCI: Using ACPI for IRQ routing
[    0.357951] NetLabel: Initializing
[    0.360008] NetLabel:  domain hash size = 128
[    0.361501] NetLabel:  protocols = UNLABELED CIPSOv4 CALIPSO
[    0.363245] NetLabel:  unlabeled traffic allowed by default
[    0.364191] clocksource: Switched to clocksource kvm-clock
[    0.387847] VFS: Disk quotas dquot_6.6.0
[    0.389554] VFS: Dquot-cache hash table entries: 512 (order 0, 4096 bytes)
[    0.392062] AppArmor: AppArmor Filesystem Enabled
[    0.393856] pnp: PnP ACPI init
[    0.396909] pnp: PnP ACPI: found 3 devices
[    0.410496] clocksource: acpi_pm: mask: 0xffffff max_cycles: 0xffffff, max_idle_ns: 2085701024 ns
[    0.414186] NET: Registered protocol family 2
[    0.415699] IP idents hash table entries: 16384 (order: 5, 131072 bytes)
[    0.419265] TCP established hash table entries: 8192 (order: 4, 65536 bytes)
[    0.421815] TCP bind hash table entries: 8192 (order: 5, 131072 bytes)
[    0.423987] TCP: Hash tables configured (established 8192 bind 8192)
[    0.426185] UDP hash table entries: 512 (order: 2, 16384 bytes)
[    0.428082] UDP-Lite hash table entries: 512 (order: 2, 16384 bytes)
[    0.430337] NET: Registered protocol family 1
[    0.431836] pci 0000:00:00.0: Limiting direct PCI/PCI transfers
[    0.433897] pci 0000:00:01.0: Activating ISA DMA hang workarounds
[    0.435930] pci 0000:00:02.0: Video device with shadowed ROM at [mem 0x000c0000-0x000dffff]
[    0.440859] Unpacking initramfs...
[    0.826863] Freeing initrd memory: 19532K
[    0.828948] clocksource: tsc: mask: 0xffffffffffffffff max_cycles: 0x229835b7123, max_idle_ns: 440795242976 ns
[    0.831980] platform rtc_cmos: registered platform RTC device (no PNP device found)
[    0.834372] Scanning for low memory corruption every 60 seconds
[    0.837050] Initialise system trusted keyrings
[    0.838458] Key type blacklist registered
[    0.839785] workingset: timestamp_bits=36 max_order=18 bucket_order=0
[    0.843187] zbud: loaded
[    0.844758] squashfs: version 4.0 (2009/01/31) Phillip Lougher
[    0.846958] fuse init (API version 7.26)
[    0.851471] Key type asymmetric registered
[    0.852820] Asymmetric key parser 'x509' registered
[    0.854296] Block layer SCSI generic (bsg) driver version 0.4 loaded (major 246)
[    0.856857] io scheduler noop registered
[    0.858215] io scheduler deadline registered
[    0.859711] io scheduler cfq registered (default)
[    0.861698] ACPI: AC Adapter [AC] (on-line)
[    0.863204] input: Power Button as /devices/LNXSYSTM:00/LNXPWRBN:00/input/input0
[    0.865824] ACPI: Power Button [PWRF]
[    0.867187] input: Sleep Button as /devices/LNXSYSTM:00/LNXSLPBN:00/input/input1
[    0.869856] ACPI: Sleep Button [SLPF]
[    0.872199] Serial: 8250/16550 driver, 32 ports, IRQ sharing enabled
[    0.872676] ACPI: Battery Slot [BAT0] (battery present)
[    0.899690] 00:02: ttyS0 at I/O 0x3f8 (irq = 4, base_baud = 115200) is a 16550A
[    0.904214] Linux agpgart interface v0.103
[    0.908231] loop: module loaded
[    0.910217] scsi host0: ata_piix
[    0.911525] scsi host1: ata_piix
[    0.912808] ata1: PATA max UDMA/33 cmd 0x1f0 ctl 0x3f6 bmdma 0xd000 irq 14
[    0.915063] ata2: PATA max UDMA/33 cmd 0x170 ctl 0x376 bmdma 0xd008 irq 15
[    0.917498] tun: Universal TUN/TAP device driver, 1.6
[    0.919199] PPP generic driver version 2.4.2
[    0.920829] ehci_hcd: USB 2.0 'Enhanced' Host Controller (EHCI) Driver
[    0.922720] ehci-pci: EHCI PCI platform driver
[    0.924087] ehci-platform: EHCI generic platform driver
[    0.925675] ohci_hcd: USB 1.1 'Open' Host Controller (OHCI) Driver
[    0.927480] ohci-pci: OHCI PCI platform driver
[    0.928910] ohci-platform: OHCI generic platform driver
[    0.930474] uhci_hcd: USB Universal Host Controller Interface driver
[    0.932797] i8042: PNP: PS/2 Controller [PNP0303:PS2K,PNP0f03:PS2M] at 0x60,0x64 irq 1,12
[    0.935953] serio: i8042 KBD port at 0x60,0x64 irq 1
[    0.939471] serio: i8042 AUX port at 0x60,0x64 irq 12
[    0.941796] mousedev: PS/2 mouse device common for all mice
[    0.943877] input: AT Translated Set 2 keyboard as /devices/platform/i8042/serio0/input/input2
[    0.946949] rtc_cmos rtc_cmos: rtc core: registered rtc_cmos as rtc0
[    0.948973] rtc_cmos rtc_cmos: alarms up to one day, 114 bytes nvram
[    0.951088] i2c /dev entries driver
[    0.952488] device-mapper: uevent: version 1.0.3
[    0.954201] device-mapper: ioctl: 4.37.0-ioctl (2017-09-20) initialised: dm-devel@redhat.com
[    0.957296] ledtrig-cpu: registered to indicate activity on CPUs
[    0.960109] NET: Registered protocol family 10
[    0.966848] Segment Routing with IPv6
[    0.968223] NET: Registered protocol family 17
[    0.971704] Key type dns_resolver registered
[    0.973857] mce: Using 0 MCE banks
[    0.975094] RAS: Correctable Errors collector initialized.
[    0.977121] sched_clock: Marking stable (977081715, 0)->(1269494461, -292412746)
[    0.980319] registered taskstats version 1
[    0.981794] Loading compiled-in X.509 certificates
[    0.986500] Loaded X.509 cert 'Build time autogenerated kernel key: 29e5beaa583364da097e68c9386761f80dbce7ef'
[    0.990388] Loaded X.509 cert 'Canonical Ltd. Live Patch Signing: 14df34d1a87cf37625abec039ef2bf521249b969'
[    0.993989] Loaded X.509 cert 'Canonical Ltd. Kernel Module Signing: 88f752e560a1e0737e31163a466ad7b70a850c19'
[    0.997264] blacklist: Loading compiled-in revocation X.509 certificates
[    0.999485] Loaded X.509 cert 'Canonical Ltd. Secure Boot Signing: 61482aa2830d0ab2ad5af10b7250da9033ddcef0'
[    1.002962] zswap: loaded using pool lzo/zbud
[    1.009151] Key type big_key registered
[    1.010421] Key type trusted registered
[    1.013978] Key type encrypted registered
[    1.015376] AppArmor: AppArmor sha1 policy hashing enabled
[    1.017313] ima: No TPM chip found, activating TPM-bypass! (rc=-19)
[    1.019379] ima: Allocated hash algorithm: sha1
[    1.020974] evm: HMAC attrs: 0x1
[    1.022392]   Magic number: 2:735:130
[    1.023802] rtc_cmos rtc_cmos: setting system clock to 2022-12-30 13:07:16 UTC (1672405636)
[    1.026865] BIOS EDD facility v0.16 2004-Jun-25, 0 devices found
[    1.028848] EDD information not available.
[    1.109096] Freeing unused kernel image memory: 2472K
[    1.120125] Write protecting the kernel read-only data: 20480k
[    1.123329] Freeing unused kernel image memory: 2008K
[    1.125867] Freeing unused kernel image memory: 1824K
[    1.140841] x86/mm: Checked W+X mappings: passed, no W+X pages found.
[    1.142791] x86/mm: Checking user space page tables
[    1.156234] x86/mm: Checked W+X mappings: passed, no W+X pages found.
Loading, please wait...
starting version 237
[    1.251915] Fusion MPT base driver 3.04.20
[    1.253751] Copyright (c) 1999-2008 LSI Corporation
[    1.255934] e1000: Intel(R) PRO/1000 Network Driver - version 7.3.21-k8-NAPI
[    1.259380] e1000: Copyright (c) 1999-2006 Intel Corporation.
[    1.279150] Fusion MPT SPI Host driver 3.04.20
[    1.290752] AVX2 version of gcm_enc/dec engaged.
[    1.293335] AES CTR mode by8 optimization enabled
[    1.471803] input: ImExPS/2 Generic Explorer Mouse as /devices/platform/i8042/serio1/input/input4
[    1.691504] e1000 0000:00:03.0 eth0: (PCI:33MHz:32-bit) 02:40:49:ac:f0:20
[    1.693614] e1000 0000:00:03.0 eth0: Intel(R) PRO/1000 Network Connection
[    1.698043] e1000 0000:00:03.0 enp0s3: renamed from eth0
[    1.700036] mptbase: ioc0: Initiating bringup
[    2.521691] ioc0: LSI53C1030 A0: Capabilities={Initiator}
[    4.361719] scsi host2: ioc0: LSI53C1030 A0, FwRev=00000000h, Ports=1, MaxQ=256, IRQ=20
[    5.899320] scsi 2:0:0:0: Direct-Access     VBOX     HARDDISK         1.0  PQ: 0 ANSI: 5
[    5.944595] scsi target2:0:0: Beginning Domain Validation
[    5.961727] scsi target2:0:0: Domain Validation skipping write tests
[    5.969543] scsi target2:0:0: Ending Domain Validation
[    5.975784] scsi target2:0:0: asynchronous
[    5.980409] scsi 2:0:1:0: Direct-Access     VBOX     HARDDISK         1.0  PQ: 0 ANSI: 5
[    6.012322] scsi target2:0:1: Beginning Domain Validation
[    6.016583] scsi target2:0:1: Domain Validation skipping write tests
[    6.019211] scsi target2:0:1: Ending Domain Validation
[    6.021545] scsi target2:0:1: asynchronous
[    6.030024] sd 2:0:0:0: Attached scsi generic sg0 type 0
[    6.030162] sd 2:0:0:0: [sda] 83886080 512-byte logical blocks: (42.9 GB/40.0 GiB)
[    6.033557] sd 2:0:1:0: Attached scsi generic sg1 type 0
[    6.038259] sd 2:0:0:0: [sda] Write Protect is off
[    6.042140] sd 2:0:1:0: [sdb] 20480 512-byte logical blocks: (10.5 MB/10.0 MiB)
[    6.044815] sd 2:0:1:0: [sdb] Write Protect is off
[    6.046555] sd 2:0:0:0: [sda] Incomplete mode parameter data
[    6.048554] sd 2:0:0:0: [sda] Assuming drive cache: write through
[    6.050627] sd 2:0:1:0: [sdb] Incomplete mode parameter data
[    6.052481] sd 2:0:1:0: [sdb] Assuming drive cache: write through
[    6.056398]  sda: sda1
[    6.057644] sd 2:0:1:0: [sdb] Attached SCSI disk
[    6.060366] sd 2:0:0:0: [sda] Attached SCSI disk
Begin: Loading essential drivers ... [    7.923696] raid6: sse2x1   gen()  8784 MB/s
[    7.980023] raid6: sse2x1   xor()  6851 MB/s
[    8.028389] raid6: sse2x2   gen()  9967 MB/s
[    8.084279] raid6: sse2x2   xor()  7903 MB/s
[    8.132391] raid6: sse2x4   gen() 11287 MB/s
[    8.183888] raid6: sse2x4   xor()  7539 MB/s
[    8.246742] raid6: avx2x1   gen() 21230 MB/s
[    8.296069] raid6: avx2x1   xor() 11542 MB/s
[    8.347842] raid6: avx2x2   gen() 20322 MB/s
[    8.396181] raid6: avx2x2   xor()  9448 MB/s
[    8.448031] raid6: avx2x4   gen() 19652 MB/s
[    8.504237] raid6: avx2x4   xor() 15424 MB/s
[    8.505920] raid6: using algorithm avx2x1 gen() 21230 MB/s
[    8.507726] raid6: .... xor() 11542 MB/s, rmw enabled
[    8.509495] raid6: using avx2x2 recovery algorithm
[    8.513007] xor: automatically using best checksumming function   avx       
[    8.517492] async_tx: api initialized (async)
done.
Begin: Running /scripts/init-premount ... done.
Begin: Mounting root file system ... Begin: Running /scripts/local-top ... done.
Begin: Running /scripts/local-premount ... [    8.584266] Btrfs loaded, crc32c=crc32c-intel
Scanning for Btrfs filesystems
done.
Warning: fsck not present, so skipping root file system
[    8.623433] EXT4-fs (sda1): mounted filesystem with ordered data mode. Opts: (null)
done.
Begin: Running /scripts/local-bottom ... done.
Begin: Running /scripts/init-bottom ... done.
[    8.816191] ip_tables: (C) 2000-2006 Netfilter Core Team
[    8.827725] systemd[1]: systemd 237 running in system mode. (+PAM +AUDIT +SELINUX +IMA +APPARMOR +SMACK +SYSVINIT +UTMP +LIBCRYPTSETUP +GCRYPT +GNUTLS +ACL +XZ +LZ4 +SECCOMP +BLKID +ELFUTILS +KMOD -IDN2 +IDN -PCRE2 default-hierarchy=hybrid)
[    8.835048] systemd[1]: Detected virtualization oracle.
[    8.836795] systemd[1]: Detected architecture x86-64.

Welcome to [1mUbuntu 18.04.6 LTS[0m!

[    8.844269] systemd[1]: Set hostname to <ubuntu>.
[    8.849274] systemd[1]: Initializing machine ID from random generator.
[    8.851486] systemd[1]: Installed transient /etc/machine-id file.
[    9.203790] systemd[1]: Reached target User and Group Name Lookups.
[[0;32m  OK  [0m] Reached target User and Group Name Lookups.
[    9.207867] systemd[1]: Set up automount Arbitrary Executable File Formats File System Automount Point.
[[0;32m  OK  [0m] Set up automount Arbitrary Executabâ€¦rmats File System Automount Point.
[    9.215026] systemd[1]: Created slice User and Session Slice.
[[0;32m  OK  [0m] Created slice User and Session Slice.
[    9.218062] systemd[1]: Started Forward Password Requests to Wall Directory Watch.
[[0;32m  OK  [0m] Started Forward Password Requests to Wall Directory Watch.
[[0;32m  OK  [0m] Reached target System Time Synchronized.
[[0;32m  OK  [0m] Created slice System Slice.
[[0;32m  OK  [0m] Listening on Network Service Netlink Socket.
[[0;32m  OK  [0m] Listening on /dev/initctl Compatibility Named Pipe.
[[0;32m  OK  [0m] Listening on Journal Socket.
         Mounting Kernel Debug File System...
[[0;32m  OK  [0m] Listening on Journal Socket (/dev/log).
         Starting Load Kernel Modules...
         Starting Set the console keyboard layout...
         Starting Uncomplicated firewall...
[[0;32m  OK  [0m] Listening on udev Kernel Socket.
[[0;32m  OK  [0m] Listening on Syslog Socket.
         Mounting POSIX Message Queue File System...
[[0;32m  OK  [0m] Listening on LVM2 metadata daemon socket.
[[0;32m  OK  [0m] Listening on udev Control Socket.
         Starting udev Coldplug all Devices...
[[0;32m  OK  [0m] Listening on fsck to fsckd communication Socket.
         Starting File System Check on Root Device...
[[0;32m  OK  [0m] Created slice system-serial\x2dgetty.slice.
[[0;32m  OK  [0m] Reached target Slices.
[[0;32m  OK  [0m] Listening on LVM2 poll daemon socket.
[[0;32m  OK  [0m] [    9.262846] Loading iSCSI transport class v2.0-870.
Reached target Swap.
         Starting Create list of required stâ€¦ce nodes for the current kernel...
[[0;32m  OK  [0m] Listening on Device-mapper event daemon FIFOs.
         Starting Monitoring of LVM2 mirrorsâ€¦ng dmeventd or progress polling...
         Mounting Huge Pages File System...
[[0;32m  OK  [0m] Listening on Journal Audit Socket.
         Starting Journal Service...
[[0;32m  OK  [0m] Mounted Kernel Debug File System.
[    9.287125] iscsi: registered transport (tcp)
[[0;32m  OK  [0m] Mounted POSIX Message Queue File System.
[[0;32m  OK  [0m] Mounted Huge Pages File System.
[[0;32m  OK  [0m] Started Uncomplicated firewall.
[[0;32m  OK  [0m] Started File System Check Daemon to report status.
[[0;32m  OK  [0m] Started Create list of required staâ€¦vice nodes for the current kernel.
         Starting Create Static Device Nodes in /dev...
[[0;32m  OK  [0m] Started LVM2 metadata daemon.
[[0;32m  OK  [0m] Started udev Coldplug all Devices.
[[0;32m  OK  [0m] Started Journal Service.
[[0;32m  OK  [0m] Started Create Static Device Nodes in /dev.
[    9.452458] iscsi: registered transport (iser)
[[0;32m  OK  [0m] Started Load Kernel Modules.
         Mounting FUSE Control File System...
         Mounting Kernel Configuration File System...
         Starting Apply Kernel Variables...
[[0;32m  OK  [0m] Mounted FUSE Control File System.
[[0;32m  OK  [0m] Started File System Check on Root Device.
         Starting Remount Root and Kernel File Systems...
[[0;32m  OK  [0m] Mounted Kernel Configuration File System.
[[0;32m  OK  [0m] Started Monitoring of LVM2 mirrors,â€¦sing dmeventd or progress polling.
[[0;32m  OK  [0m] Started Apply Kernel Variables.
[[0;32m  OK  [0m] Started Remount Root and Kernel File Systems.
         Starting Load/Save Random Seed...
         Starting udev Kernel Device Manager...
         Starting Flush Journal to Persistent Storage...
[[0;32m  OK  [0m] Started Load/Save Random Seed.
[[0;32m  OK  [0m] Started udev Kernel Device Manager.
[[0;32m  OK  [0m] Started Flush Journal to Persistent Storage.
[[0;32m  OK  [0m] Found device /dev/ttyS0.
[[0;32m  OK  [0m] Listening on Load/Save RF Kill Switch Status /dev/rfkill Watch.
         Mounting Arbitrary Executable File Formats File System...
[[0;32m  OK  [0m] Mounted Arbitrary Executable File Formats File System.
[[0;32m  OK  [0m] Started Set the console keyboard layout.
[[0;32m  OK  [0m] Started Dispatch Password Requests to Console Directory Watch.
[[0;32m  OK  [0m] Reached target Local Encrypted Volumes.
[[0;32m  OK  [0m] Reached target Local File Systems (Pre).
[[0;32m  OK  [0m] Reached target Local File Systems.
         Starting Tell Plymouth To Write Out Runtime Data...
         Starting Set console font and keymap...
         Starting AppArmor initialization...
         Starting ebtables ruleset management...
         Starting Commit a transient machine-id on disk...
         Starting Create Volatile Files and Directories...
[[0;32m  OK  [0m] Started Tell Plymouth To Write Out Runtime Data.
[[0;32m  OK  [0m] Started Create Volatile Files and Directories.
         Starting Update UTMP about System Boot/Shutdown...
[[0;32m  OK  [0m] Started Update UTMP about System Boot/Shutdown.
[[0;32m  OK  [0m] Started Commit a transient machine-id on disk.
[[0;32m  OK  [0m] Started ebtables ruleset management.
[[0;32m  OK  [0m] Started Set console font and keymap.
[[0;32m  OK  [0m] Started AppArmor initialization.
         Starting Load AppArmor profiles managed internally by snapd...
         Starting Initial cloud-init job (pre-networking)...
[[0;32m  OK  [0m] Started Load AppArmor profiles managed internally by snapd.
[   15.918214] cloud-init[833]: Cloud-init v. 22.4.2-0ubuntu0~18.04.1 running 'init-local' at Fri, 30 Dec 2022 13:07:30 +0000. Up 15.35 seconds.
[[0;32m  OK  [0m] Started Initial cloud-init job (pre-networking).
[[0;32m  OK  [0m] Reached target Network (Pre).
         Starting Network Service...
[[0;32m  OK  [0m] Started Network Service.
         Starting Wait for Network to be Configured...
         Starting Network Name Resolution...
[[0;32m  OK  [0m] Started Network Name Resolution.
[[0;32m  OK  [0m] Reached target Host and Network Name Lookups.
[[0;32m  OK  [0m] Reached target Network.
[[0;32m  OK  [0m] Started Wait for Network to be Configured.
         Starting Initial cloud-init job (metadata service crawler)...
[   20.147068] cloud-init[962]: Cloud-init v. 22.4.2-0ubuntu0~18.04.1 running 'init' at Fri, 30 Dec 2022 13:07:35 +0000. Up 19.72 seconds.
[   20.151779] cloud-init[962]: ci-info: ++++++++++++++++++++++++++++++++++++++Net device info++++++++++++++++++++++++++++++++++++++
[   20.156906] cloud-init[962]: ci-info: +--------+------+----------------------------+---------------+--------+-------------------+
[   20.172233] cloud-init[962]: ci-info: | Device |  Up  |          Address           |      Mask     | Scope  |     Hw-Address    |
[   20.176689] cloud-init[962]: ci-info: +--------+------+----------------------------+---------------+--------+-------------------+
[   20.178895] cloud-init[962]: ci-info: | enp0s3 | True |         10.0.2.15          | 255.255.255.0 | global | 02:40:49:ac:f0:20 |
[   20.181439] cloud-init[962]: ci-info: | enp0s3 | True | fe80::40:49ff:feac:f020/64 |       .       |  link  | 02:40:49:ac:f0:20 |
[   20.184636] cloud-init[962]: ci-info: |   lo   | True |         127.0.0.1          |   255.0.0.0   |  host  |         .         |
[   20.187001] cloud-init[962]: ci-info: |   lo   | True |          ::1/128           |       .       |  host  |         .         |
[   20.189974] cloud-init[962]: ci-info: +--------+------+----------------------------+---------------+--------+-------------------+
[   20.192403] cloud-init[962]: ci-info: ++++++++++++++++++++++++++++Route IPv4 info+++++++++++++++++++++++++++++
[   20.195252] cloud-init[962]: ci-info: +-------+-------------+----------+-----------------+-----------+-------+
[   20.197174] cloud-init[962]: ci-info: | Route | Destination | Gateway  |     Genmask     | Interface | Flags |
[   20.200611] cloud-init[962]: ci-info: +-------+-------------+----------+-----------------+-----------+-------+
[   20.203193] cloud-init[962]: ci-info: |   0   |   0.0.0.0   | 10.0.2.2 |     0.0.0.0     |   enp0s3  |   UG  |
[   20.206435] cloud-init[962]: ci-info: |   1   |   10.0.2.0  | 0.0.0.0  |  255.255.255.0  |   enp0s3  |   U   |
[   20.209142] cloud-init[962]: ci-info: |   2   |   10.0.2.2  | 0.0.0.0  | 255.255.255.255 |   enp0s3  |   UH  |
[   20.220344] cloud-init[962]: ci-info: +-------+-------------+----------+-----------------+-----------+-------+
[   20.224607] cloud-init[962]: ci-info: +++++++++++++++++++Route IPv6 info+++++++++++++++++++
[   20.226483] cloud-init[962]: ci-info: +-------+-------------+---------+-----------+-------+
[   20.227855] cloud-init[962]: ci-info: | Route | Destination | Gateway | Interface | Flags |
[   20.232323] cloud-init[962]: ci-info: +-------+-------------+---------+-----------+-------+
[   20.236832] cloud-init[962]: ci-info: |   1   |  fe80::/64  |    ::   |   enp0s3  |   U   |
[   20.239274] cloud-init[962]: ci-info: |   3   |    local    |    ::   |   enp0s3  |   U   |
[   20.242400] cloud-init[962]: ci-info: |   4   |   ff00::/8  |    ::   |   enp0s3  |   U   |
[   20.244276] cloud-init[962]: ci-info: +-------+-------------+---------+-----------+-------+
[   21.315368] cloud-init[962]: Generating public/private rsa key pair.
[   21.328344] cloud-init[962]: Your identification has been saved in /etc/ssh/ssh_host_rsa_key.
[   21.329628] cloud-init[962]: Your public key has been saved in /etc/ssh/ssh_host_rsa_key.pub.
[   21.331037] cloud-init[962]: The key fingerprint is:
[   21.332380] cloud-init[962]: SHA256:psaE85DMN4O1hmZhVxrc5XIwamNzdWX/BQ4BKO4TVN0 root@ubuntu-bionic
[   21.336900] cloud-init[962]: The key's randomart image is:
[   21.338056] cloud-init[962]: +---[RSA 2048]----+
[   21.348266] cloud-init[962]: |     ..o=++o+o+  |
[   21.349493] cloud-init[962]: |      +=o=..E+ o |
[   21.350496] cloud-init[962]: |    ooX.o o   . o|
[   21.351393] cloud-init[962]: |   + @o= o      o|
[   21.352464] cloud-init[962]: |    %.B.S       .|
[   21.354718] cloud-init[962]: |   o Oo=         |
[   21.356715] cloud-init[962]: |      =.         |
[   21.358033] cloud-init[962]: |     .           |
[   21.359113] cloud-init[962]: |                 |
[   21.360330] cloud-init[962]: +----[SHA256]-----+
[   21.361169] cloud-init[962]: Generating public/private dsa key pair.
[   21.362329] cloud-init[962]: Your identification has been saved in /etc/ssh/ssh_host_dsa_key.
[   21.363778] cloud-init[962]: Your public key has been saved in /etc/ssh/ssh_host_dsa_key.pub.
[   21.365380] cloud-init[962]: The key fingerprint is:
[   21.366851] cloud-init[962]: SHA256:p76tPa5oD41UkdhN4eWCjef0raWT32r/OrSxTexiP2M root@ubuntu-bionic
[   21.369168] cloud-init[962]: The key's randomart image is:
[   21.370736] cloud-init[962]: +---[DSA 1024]----+
[   21.372306] cloud-init[962]: |       o.+o..    |
[   21.373490] cloud-init[962]: |      . o*.o     |
[   21.374760] cloud-init[962]: |        + * .    |
[   21.376202] cloud-init[962]: |       . + o .   |
[   21.377619] cloud-init[962]: |      . S o . o. |
[   21.379239] cloud-init[962]: |     . o o   =o o|
[   21.380872] cloud-init[962]: |      o o   =. B |
[   21.382375] cloud-init[962]: |      .+ o.  oBEo|
[   21.383794] cloud-init[962]: |     ...*=+. o=BO|
[   21.385265] cloud-init[962]: +----[SHA256]-----+
[   21.386714] cloud-init[962]: Generating public/private ecdsa key pair.
[   21.388334] cloud-init[962]: Your identification has been saved in /etc/ssh/ssh_host_ecdsa_key.
[   21.390326] cloud-init[962]: Your public key has been saved in /etc/ssh/ssh_host_ecdsa_key.pub.
[   21.391787] cloud-init[962]: The key fingerprint is:
[   21.394429] cloud-init[962]: SHA256:GlUw0dV2viipUOYXG007icEttXgf4sUEsJwYlGBdm1c root@ubuntu-bionic
[   21.396998] cloud-init[962]: The key's randomart image is:
[   21.399287] cloud-init[962]: +---[ECDSA 256]---+
[   21.401605] cloud-init[962]: |       oB*=+=+.E |
[   21.403134] cloud-init[962]: |      .  ==+*oB .|
[   21.404646] cloud-init[962]: |        .. B**o* |
[   21.406202] cloud-init[962]: |       . o ++=+ o|
[   21.407662] cloud-init[962]: |      . S   =.o..|
[   21.409371] cloud-init[962]: |       + . = . . |
[   21.411158] cloud-init[962]: |      . . o .    |
[   21.413363] cloud-init[962]: |         .       |
[   21.415208] cloud-init[962]: |                 |
[   21.416911] cloud-init[962]: +----[SHA256]-----+
[   21.418229] cloud-init[962]: Generating public/private ed25519 key pair.
[   21.419400] cloud-init[962]: Your identification has been saved in /etc/ssh/ssh_host_ed25519_key.
[   21.421726] cloud-init[962]: Your public key has been saved in /etc/ssh/ssh_host_ed25519_key.pub.
[   21.426588] cloud-init[962]: The key fingerprint is:
[   21.430173] cloud-init[962]: SHA256:u2Jb7bmftGsCRF213b6mQL1VEhy3sOK4SYf93CoMeuI root@ubuntu-bionic[[0;32m  OK  [0m] Started Initial cloud-init job (metadata service crawler).
[[0;32m  OK  [0m] Reached target Network is Online.

[   21.444959] cloud-init[962]: The key's randomart image is:
         Starting Availability of block devices...[   21.451545] cloud-init[962]: +--[ED25519 256]--+
[   21.453404] cloud-init[962]: |         . ..++..|
[   21.457566] cloud-init[962]: |        . .   +=o|
[   21.460661] cloud-init[962]: |       .   . .o.+|
[   21.462866] cloud-init[962]: |        . = o  o.|
[   21.464155] cloud-init[962]: |       .S+ = . ..|
[   21.467227] cloud-init[962]: |        o+= o + .|
[   21.468641] cloud-init[962]: |        +++..+ + |
[   21.469513] cloud-init[962]: |      o+ +.=oo+  |
[   21.470359] cloud-init[962]: |     .oE+ +=*+   |
[   21.471171] cloud-init[962]: +----[SHA256]-----+

[[0;32m  OK  [0m] Reached target Remote File Systems (Pre).
[[0;32m  OK  [0m] Reached target Remote File Systems.
[[0;32m  OK  [0m] Reached target System Initialization.
[[0;32m  OK  [0m] Started Daily Cleanup of Temporary Directories.
[[0;32m  OK  [0m] Started Ubuntu Advantage Timer for running repeated jobs.
         Starting Socket activation for snappy daemon.
[[0;32m  OK  [0m] Listening on D-Bus System Message Bus Socket.
         Starting LXD - unix socket.
[[0;32m  OK  [0m] Listening on UUID daemon activation socket.
[[0;32m  OK  [0m] Started Message of the Day.
[[0;32m  OK  [0m] Started Discard unused blocks once a week.
[[0;32m  OK  [0m] Started Daily apt download activities.
[[0;32m  OK  [0m] Started ACPI Events Check.
[[0;32m  OK  [0m] Reached target Paths.
[[0;32m  OK  [0m] Listening on cloud-init hotplug hook socket.
[[0;32m  OK  [0m] Started Daily apt upgrade and clean activities.
[[0;32m  OK  [0m] Reached target Timers.
[[0;32m  OK  [0m] Listening on ACPID Listen Socket.
[[0;32m  OK  [0m] Listening on Open-iSCSI iscsid Socket.
[[0;32m  OK  [0m] Reached target Cloud-config availability.
[[0;32m  OK  [0m] Started Availability of block devices.
[[0;32m  OK  [0m] Listening on Socket activation for snappy daemon.
[[0;32m  OK  [0m] Listening on LXD - unix socket.
[[0;32m  OK  [0m] Reached target Sockets.
[[0;32m  OK  [0m] Reached target Basic System.
         Starting LSB: automatic crash report generation...
         Starting Virtualbox guest utils...
         Starting Permit User Sessions...
[[0;32m  OK  [0m] Started D-Bus System Message Bus.
         Starting System Logging Service...
         Starting LSB: Record successful boot for GRUB...
[[0;32m  OK  [0m] Started Deferred execution scheduler.
         Starting Accounts Service...
[[0;32m  OK  [0m] Started irqbalance daemon.
         Starting Pollinate to seed the pseudo random number generator...
         Starting LXD - container startup/shutdown...
         Starting Snap Daemon...
[[0;32m  OK  [0m] Started Regular background program processing daemon.
         Starting Dispatcher daemon for systemd-networkd...
[[0;32m  OK  [0m] Reached target Login Prompts (Pre).
[[0;32m  OK  [0m] Started FUSE filesystem for LXC.
         Starting Login Service...
[[0;32m  OK  [0m] Started System Logging Service.
[[0;32m  OK  [0m] Started Permit User Sessions.
         Starting Authorization Manager...
         Starting Hold until boot process finishes up...
         Starting Terminate Plymouth Boot Screen...
[[0;32m  OK  [0m] Started Hold until boot process finishes up.
[[0;32m  OK  [0m] Started LSB: automatic crash report generation.
[[0;32m  OK  [0m] Started Terminate Plymouth Boot Screen.
[[0;32m  OK  [0m] Started Login Service.
[[0;32m  OK  [0m] Started Unattended Upgrades Shutdown.
         Starting Set console scheme...
[[0;32m  OK  [0m] Started Serial Getty on ttyS0.
[[0;32m  OK  [0m] Started Set console scheme.
[[0;32m  OK  [0m] Created slice system-getty.slice.
[[0;32m  OK  [0m] Started Getty on tty1.
[[0;32m  OK  [0m] Reached target Login Prompts.
[[0;32m  OK  [0m] Started LSB: Record successful boot for GRUB.
[[0;32m  OK  [0m] Started Virtualbox guest utils.
[[0;32m  OK  [0m] Started Authorization Manager.
[[0;32m  OK  [0m] Started Accounts Service.
[[0;32m  OK  [0m] Started LXD - container startup/shutdown.
[[0;32m  OK  [0m] Started Dispatcher daemon for systemd-networkd.
[[0;32m  OK  [0m] Started Snap Daemon.
         Starting Wait until snapd is fully seeded...
         Starting Time & Date Service...
[[0;32m  OK  [0m] Started Time & Date Service.
[[0;32m  OK  [0m] Started Pollinate to seed the pseudo random number generator.
         Starting OpenBSD Secure Shell server...
[[0;32m  OK  [0m] Started OpenBSD Secure Shell server.
[[0;32m  OK  [0m] Created slice User Slice of vagrant.
         Starting User Manager for UID 1000...
[[0;32m  OK  [0m] Started Session 1 of user vagrant.
[[0;32m  OK  [0m] Started User Manager for UID 1000.
[[0;32m  OK  [0m] Started Wait until snapd is fully seeded.
         Starting Apply the settings specified in cloud-config...
[   26.847998] cloud-init[1487]: Cloud-init v. 22.4.2-0ubuntu0~18.04.1 running 'modules:config' at Fri, 30 Dec 2022 13:07:40 +0000. Up 25.49 seconds.
[[0;32m  OK  [0m] Started Apply the settings specified in cloud-config.
[[0;32m  OK  [0m] Reached target Multi-User System.
[[0;32m  OK  [0m] Reached target Graphical Interface.
         Starting Update UTMP about System Runlevel Changes...
         Starting Execute cloud user/final scripts...
[[0;32m  OK  [0m] Started Update UTMP about System Runlevel Changes.

Ubuntu 18.04.6 LTS ubuntu-bionic ttyS0

ubuntu-bionic login: ci-info: no authorized SSH keys fingerprints found for user ubuntu.
<14>Dec 30 13:07:43 cloud-init: #############################################################
<14>Dec 30 13:07:43 cloud-init: -----BEGIN SSH HOST KEY FINGERPRINTS-----
<14>Dec 30 13:07:43 cloud-init: 1024 SHA256:p76tPa5oD41UkdhN4eWCjef0raWT32r/OrSxTexiP2M root@ubuntu-bionic (DSA)
<14>Dec 30 13:07:43 cloud-init: 256 SHA256:GlUw0dV2viipUOYXG007icEttXgf4sUEsJwYlGBdm1c root@ubuntu-bionic (ECDSA)
<14>Dec 30 13:07:43 cloud-init: 256 SHA256:u2Jb7bmftGsCRF213b6mQL1VEhy3sOK4SYf93CoMeuI root@ubuntu-bionic (ED25519)
<14>Dec 30 13:07:43 cloud-init: 2048 SHA256:psaE85DMN4O1hmZhVxrc5XIwamNzdWX/BQ4BKO4TVN0 root@ubuntu-bionic (RSA)
<14>Dec 30 13:07:43 cloud-init: -----END SSH HOST KEY FINGERPRINTS-----
<14>Dec 30 13:07:43 cloud-init: #############################################################
-----BEGIN SSH HOST KEY KEYS-----
ecdsa-sha2-nistp256 AAAAE2VjZHNhLXNoYTItbmlzdHAyNTYAAAAIbmlzdHAyNTYAAABBBI8DnSE3RoSAIvCH1vE+IFPlaFmt4HgK+QSfUrXNYSIYr+KQfxEVhXa3KEx3zNTLGufxWbnBfWVnXAYxweZVYiY= root@ubuntu-bionic
ssh-ed25519 AAAAC3NzaC1lZDI1NTE5AAAAIOj74U+ccD+pT4ioAhZGQAcI9UEIsvIYCOTESDD1tsai root@ubuntu-bionic
ssh-rsa AAAAB3NzaC1yc2EAAAADAQABAAABAQDO6Pk5Au+zQcLteqzsb71C3cqX+1PloU65wEVEGTMbTCNzlj+YLXJZaUp0YUShQh0Kl3wzqRobAoBbus73NbnCWOk9IbuGtfcR41DyO/WQbUhvHEzmtQ85Xs7Oz5XSAsl5Q8xS4vwzu0JJ/4umX33GgmdXcCsq4nJi24nFXbTE52mTLpGdA9yfBeaqpHCw8v8Q9EFzAxkDmplHdD8nsgnKBIXafuxrH+LbRBc/Y0s9SHVsvbeJEnw0T7CVvsXqLxt/aooVl6Ii11WlJMZHo3aWRPKoLeLd2KayGGdTSze4SHImkuSh2Wog90nG4pAd4cfL5zuCgvnQ+dUhiHMe/GuN root@ubuntu-bionic
-----END SSH HOST KEY KEYS-----
[   28.403246] cloud-init[1610]: Cloud-init v. 22.4.2-0ubuntu0~18.04.1 running 'modules:final' at Fri, 30 Dec 2022 13:07:43 +0000. Up 28.00 seconds.
[   28.405471] cloud-init[1610]: Cloud-init v. 22.4.2-0ubuntu0~18.04.1 finished at Fri, 30 Dec 2022 13:07:43 +0000. Datasource DataSourceNoCloud [seed=/dev/sdb][dsmode=net].  Up 28.38 seconds
[[0;32m  OK  [0m] Stopped Unattended Upgrades Shutdown.
[[0;32m  OK  [0m] Stopped target Host and Network Name Lookups.
[[0;32m  OK  [0m] Stopped target Timers.
         Stopping Session 19 of user vagrant.
         Stopping Availability of block devices...
         Stopping Authorization Manager...
[[0;32m  OK  [0m] Stopped target Cloud-init target.
[[0;32m  OK  [0m] Stopped Daily Cleanup of Temporary Directories.
[[0;32m  OK  [0m] Stopped Execute cloud user/final scripts.
[[0;32m  OK  [0m] Stopped Apply the settings specified in cloud-config.
[[0;32m  OK  [0m] Stopped target Cloud-config availability.
[[0;32m  OK  [0m] Stopped Daily apt upgrade and clean activities.
[[0;32m  OK  [0m] Closed Load/Save RF Kill Switch Status /dev/rfkill Watch.
[[0;32m  OK  [0m] Stopped Daily apt download activities.
[[0;32m  OK  [0m] Stopped Ubuntu Advantage Timer for running repeated jobs.
[[0;32m  OK  [0m] Stopped Discard unused blocks once a week.
[[0;32m  OK  [0m] Stopped target Graphical Interface.
[[0;32m  OK  [0m] Stopped target Multi-User System.
         Stopping Virtualbox guest utils...
         Stopping System Logging Service.         Stopping D-Bus System Message Bus...
         Stopping A high performance web server and a reverse proxy server...
         Stopping LXD - container startup/shutdown...
         Stopping FUSE filesystem for LXC...
[[0;32m  OK  [0m] Stopped Wait until snapd is fully seeded.
         Stopping LSB: automatic crash report generation...
         Stopping Deferred execution scheduler...
         Stopping Regular background program processing daemon...
         Stopping LSB: Record successful boot for GRUB...
         Stopping User Manager for UID 1000...
         Stopping OpenBSD Secure Shell server...
         Stopping Accounts Service...
[[0;32m  OK  [0m] Stopped Message of the Day.
[[0;32m  OK  [0m] Stopped target System Time Synchronized.
         Stopping Dispatcher daemon for systemd-networkd...
         Stopping irqbalance daemon...
[[0;32m  OK  [0m] Unmounted /var/lib/lxcfs.
[[0;32m  OK  [0m] Stopped System Logging Service.
[[0;32m  OK  [0m] Stopped Deferred execution scheduler.
[[0;32m  OK  [0m] Stopped irqbalance daemon.
[[0;32m  OK  [0m] Stopped Regular background program processing daemon.
[[0;32m  OK  [0m] Stopped Dispatcher daemon for systemd-networkd.
[[0;32m  OK  [0m] Stopped Accounts Service.
[[0;32m  OK  [0m] Stopped Authorization Manager.
[[0;32m  OK  [0m] Stopped Serial Getty on ttyS0.
[[0;32m  OK  [0m] Stopped Getty on tty1.
[[0;32m  OK  [0m] Stopped OpenBSD Secure Shell server.
[[0;32m  OK  [0m] Stopped User Manager for UID 1000.
[[0;32m  OK  [0m] Stopped D-Bus System Message Bus.
[[0;32m  OK  [0m] Stopped A high performance web server and a reverse proxy server.
[[0;32m  OK  [0m] Stopped FUSE filesystem for LXC.
[[0;32m  OK  [0m] Stopped Session 19 of user vagrant.
[[0;32m  OK  [0m] Stopped Availability of block devices.
[[0;32m  OK  [0m] Removed slice User Slice of vagrant.
         Stopping Login Service...
[[0;32m  OK  [0m] Removed slice system-getty.slice.
[[0;32m  OK  [0m] Removed slice system-serial\x2dgetty.slice.
[[0;32m  OK  [0m] Stopped target Login Prompts (Pre).
         Stopping Permit User Sessions...
[[0;32m  OK  [0m] Stopped LXD - container startup/shutdown.
[[0;32m  OK  [0m] Stopped Virtualbox guest utils.
[[0;32m  OK  [0m] Stopped LSB: automatic crash report generation.
[[0;32m  OK  [0m] Stopped LSB: Record successful boot for GRUB.
[[0;32m  OK  [0m] Stopped Permit User Sessions.
[[0;32m  OK  [0m] Stopped target Remote File Systems.
         Unmounting /vagrant...
[[0;32m  OK  [0m] Unmounted /vagrant.
[[0;32m  OK  [0m] Stopped target Remote File Systems (Pre).
[[0;32m  OK  [0m] Stopped target Network is Online.
[[0;32m  OK  [0m] Stopped target Network.
         Stopping Network Name Resolution...
[[0;32m  OK  [0m] Stopped Login Service.
[[0;32m  OK  [0m] Stopped target User and Group Name Lookups.
[[0;32m  OK  [0m] Stopped target Basic System.
[[0;32m  OK  [0m] Stopped target Slices.
[[0;32m  OK  [0m] Removed slice User and Session Slice.
[[0;32m  OK  [0m] Stopped target Paths.
[[0;32m  OK  [0m] Stopped ACPI Events Check.
[[0;32m  OK  [0m] Stopped target Sockets.
[[0;32m  OK  [0m] Closed Socket activation for snappy daemon.
[[0;32m  OK  [0m] Closed Open-iSCSI iscsid Socket.
[[0;32m  OK  [0m] Closed cloud-init hotplug hook socket.
[[0;32m  OK  [0m] Closed UUID daemon activation socket.
[[0;32m  OK  [0m] Closed ACPID Listen Socket.
[[0;32m  OK  [0m] Closed D-Bus System Message Bus Socket.
[[0;32m  OK  [0m] Closed LXD - unix socket.
[[0;32m  OK  [0m] Stopped target System Initialization.
[[0;32m  OK  [0m] Stopped Commit a transient machine-id on disk.
[[0;32m  OK  [0m] Stopped target Local Encrypted Volumes.
[[0;32m  OK  [0m] Stopped Dispatch Password Requests to Console Directory Watch.
[[0;32m  OK  [0m] Stopped Forward Password Requests to Wall Directory Watch.
         Stopping Update UTMP about System Boot/Shutdown...
         Stopping Load/Save Random Seed...
[[0;32m  OK  [0m] Stopped Initial cloud-init job (metadata service crawler).
[[0;32m  OK  [0m] Stopped Wait for Network to be Configured.
[[0;32m  OK  [0m] Closed Syslog Socket.
[[0;32m  OK  [0m] Stopped Network Name Resolution.
         Stopping Network Service...
[[0;32m  OK  [0m] Stopped Update UTMP about System Boot/Shutdown.
[[0;32m  OK  [0m] Stopped Create Volatile Files and Directories.
[[0;32m  OK  [0m] Stopped target Local File Systems.
         Unmounting /run/user/1000...
[[0;32m  OK  [0m] Stopped Load/Save Random Seed.
[[0;32m  OK  [0m] Unmounted /run/user/1000.
[[0;32m  OK  [0m] Reached target Unmount All Filesystems.
[[0;32m  OK  [0m] Stopped target Swap.
[[0;32m  OK  [0m] Stopped target Local File Systems (Pre).
         Stopping Monitoring of LVM2 mirrorsâ€¦ng dmeventd or progress polling...
[[0;32m  OK  [0m] Stopped Create Static Device Nodes in /dev.
[[0;32m  OK  [0m] Stopped Network Service.
[[0;32m  OK  [0m] Stopped Apply Kernel Variables.
[[0;32m  OK  [0m] Stopped Load Kernel Modules.
[[0;32m  OK  [0m] Stopped target Network (Pre).
[[0;32m  OK  [0m] Stopped Initial cloud-init job (pre-networking).
[[0;32m  OK  [0m] Stopped Remount Root and Kernel File Systems.
[[0;32m  OK  [0m] Reached target Shutdown.
[[0;32m  OK  [0m] Reached target Final Step.
         Starting Power-Off...
[[0;32m  OK  [0m] Stopped Monitoring of LVM2 mirrors,â€¦sing dmeventd or progress polling.
         Stopping LVM2 metadata daemon...
[[0;32m  OK  [0m] Stopped LVM2 metadata daemon.
[ 2514.426087] reboot: Power down
